// Jest Snapshot v1, https://goo.gl/fbAQLP

exports[`App component should match the snapshot 1`] = `"<div class=\\"Blackjack\\"><header><div class=\\"container\\"><h2>Blackjack</h2></div></header><div class=\\"Blackjack__game\\"><div class=\\"container\\"><div class=\\"Blackjack__table\\"><div class=\\"Blackjack__actions\\"><button class=\\"Button\\">New Game</button><button class=\\"Button\\">Hit</button><button class=\\"Button\\">Stand</button></div></div></div></div></div>"`;
